2a43257a2177377434715a6d57685465
753572326e586a556652634e614a2d46
4bb08a4761f3af3d4084984974f5c224
af9228cfdaa75afdb4ff30a8d2ad53e6
944b3021dffbba66be08155bfe8c8d12
31d415819e463d4e44e167b3f01e571b
07f35a5393b86a724c43d014f24bc54f
de60a68aefb4b30b71f28e453513e9f6
545ef55653adaf05c015c5778c561563
556d94838b0d320964b98102154b0f47
a74cb675f3124323a0bfec2660aa2951
f3bb6652a6d6f2d12ddbc0d8496241da
9446da32330a6c47c0182f6460a7c342
138e42a2e03524f046e3d6216b3816f9
3d8e433fa9c8990d9ac2f54a5adada2e