7a397736743371596d5668536550624b
5a6e576a546651634e404a2946264324
04b2932d7e8be41b0ab8954267eefd11
f459d3dcae3784b6fa51d5d5b4119ffc
91d0d4019562472cebe9a337e1513675
955e553f610786e3cf3002553561d780
7b205e97eaf08a967f92cdba947b6e8d
2fbf5e81bae10bbedbe68d5d14d68f08
762c7f660d0c21f1e7fcab67986e66dd
621f85594da0dbd8f741d0662ca75d3b
cf1853aab9342cccb4380d3d53c4a65a
7ef43e701cebbb29514b60f1a60ab097
c0236b930f3b3839b60f14f5023719c8
2f782ae3518c14934d67afba1c2ccf4b
6a35e232aa1689a1a52db1981322a56d